Some test **with bold** (and stuff)

Multiple lines. Next